// Jest Snapshot v1, https://goo.gl/fbAQLP

exports[`Cart dropdown component initial configuration should render CartDropdown component 1`] = `ShallowWrapper {}`;
