// Jest Snapshot v1, https://goo.gl/fbAQLP

exports[`FormInput component should render formInput component 1`] = `ShallowWrapper {}`;

exports[`should render formInput component 1`] = `ShallowWrapper {}`;
