// Jest Snapshot v1, https://goo.gl/fbAQLP

exports[`Cart icon component should render icon component 1`] = `ShallowWrapper {}`;
